// Jest Snapshot v1, https://goo.gl/fbAQLP

exports[`should render Home page 1`] = `
<div
  className="home"
>
  <h1>
    Home
  </h1>
  <button
    onClick={[Function]}
  >
    Click me
  </button>
</div>
`;
