// Jest Snapshot v1, https://goo.gl/fbAQLP

exports[`should render Settings page 1`] = `
<div
  className="settings"
>
  <h1>
    Settings
  </h1>
</div>
`;
