// Jest Snapshot v1, https://goo.gl/fbAQLP

exports[`should render Settings page 1`] = `
Array [
  <nav
    className="navbar"
  >
    <a
      href="/home"
      onClick={[Function]}
    >
      Home
    </a>
    <a
      href="/settings"
      onClick={[Function]}
    >
      Admin Settings
    </a>
  </nav>,
  <div
    className="home"
  >
    <h1>
      Home
    </h1>
    <button
      onClick={[Function]}
    >
      Click me
    </button>
  </div>,
]
`;
